// Jest Snapshot v1, https://goo.gl/fbAQLP

exports[`test ItemSelector render as expected 1`] = `
ShallowWrapper {
  Symbol(enzyme.__root__): [Circular],
  Symbol(enzyme.__unrendered__): <Connect(EventSelector)
    payload={
      Object {
        "formatted_details": Array [],
      }
    }
  />,
  Symbol(enzyme.__renderer__): Object {
    "batchedUpdates": [Function],
    "getNode": [Function],
    "render": [Function],
    "simulateError": [Function],
    "simulateEvent": [Function],
    "unmount": [Function],
  },
  Symbol(enzyme.__node__): Object {
    "instance": null,
    "key": undefined,
    "nodeType": "class",
    "props": Object {
      "deleteEvent": [Function],
      "deleteItem": [Function],
      "events": Array [
        Object {
          "_id": "abc",
          "name": "hulu onsite",
        },
        Object {
          "_id": "df",
          "name": "facebook onsite",
        },
        Object {
          "_id": "cd",
          "name": "apple interview",
        },
      ],
      "fetchEvents": [Function],
      "fetchItems": [Function],
      "fetchProfile": [Function],
      "fetchUser": [Function],
      "insertEvent": [Function],
      "insertItem": [Function],
      "insertUser": [Function],
      "payload": Object {
        "formatted_details": Array [],
      },
      "rawItems": Array [],
      "toggleEventSelector": [Function],
      "toggleItemSelector": [Function],
      "togglePictureEditor": [Function],
      "togglePopup": [Function],
      "updateEmail": [Function],
      "updateEvent": [Function],
      "updateItem": [Function],
      "updateNotifyTime": [Function],
    },
    "ref": null,
    "rendered": null,
    "type": [Function],
  },
  Symbol(enzyme.__nodes__): Array [
    Object {
      "instance": null,
      "key": undefined,
      "nodeType": "class",
      "props": Object {
        "deleteEvent": [Function],
        "deleteItem": [Function],
        "events": Array [
          Object {
            "_id": "abc",
            "name": "hulu onsite",
          },
          Object {
            "_id": "df",
            "name": "facebook onsite",
          },
          Object {
            "_id": "cd",
            "name": "apple interview",
          },
        ],
        "fetchEvents": [Function],
        "fetchItems": [Function],
        "fetchProfile": [Function],
        "fetchUser": [Function],
        "insertEvent": [Function],
        "insertItem": [Function],
        "insertUser": [Function],
        "payload": Object {
          "formatted_details": Array [],
        },
        "rawItems": Array [],
        "toggleEventSelector": [Function],
        "toggleItemSelector": [Function],
        "togglePictureEditor": [Function],
        "togglePopup": [Function],
        "updateEmail": [Function],
        "updateEvent": [Function],
        "updateItem": [Function],
        "updateNotifyTime": [Function],
      },
      "ref": null,
      "rendered": null,
      "type": [Function],
    },
  ],
  Symbol(enzyme.__options__): Object {
    "adapter": ReactSixteenAdapter {
      "options": Object {
        "enableComponentDidUpdateOnSetState": true,
        "lifecycles": Object {
          "componentDidUpdate": Object {
            "onSetState": true,
          },
          "getDerivedStateFromProps": true,
          "getSnapshotBeforeUpdate": true,
          "setState": Object {
            "skipsComponentDidUpdateOnNullish": true,
          },
        },
      },
    },
    "context": Object {
      "store": Object {
        "clearActions": [Function],
        "dispatch": [Function],
        "getActions": [Function],
        "getState": [Function],
        "replaceReducer": [Function],
        "subscribe": [Function],
      },
    },
  },
}
`;
