// Jest Snapshot v1, https://goo.gl/fbAQLP

exports[`test the profile popup render as expected 1`] = `
ShallowWrapper {
  Symbol(enzyme.__root__): [Circular],
  Symbol(enzyme.__unrendered__): <Connect(Profile) />,
  Symbol(enzyme.__renderer__): Object {
    "batchedUpdates": [Function],
    "getNode": [Function],
    "render": [Function],
    "simulateError": [Function],
    "simulateEvent": [Function],
    "unmount": [Function],
  },
  Symbol(enzyme.__node__): Object {
    "instance": null,
    "key": undefined,
    "nodeType": "class",
    "props": Object {
      "deleteEvent": [Function],
      "deleteItem": [Function],
      "fetchEvents": [Function],
      "fetchItems": [Function],
      "fetchProfile": [Function],
      "fetchUser": [Function],
      "insertEvent": [Function],
      "insertItem": [Function],
      "insertUser": [Function],
      "toggleEventSelector": [Function],
      "toggleItemSelector": [Function],
      "togglePictureEditor": [Function],
      "togglePopup": [Function],
      "updateEmail": [Function],
      "updateEvent": [Function],
      "updateItem": [Function],
      "updateNotifyTime": [Function],
      "user": undefined,
      "userProfile": Object {
        "email": "wang@qq.com",
        "notifyTime": "36000000",
      },
    },
    "ref": null,
    "rendered": null,
    "type": [Function],
  },
  Symbol(enzyme.__nodes__): Array [
    Object {
      "instance": null,
      "key": undefined,
      "nodeType": "class",
      "props": Object {
        "deleteEvent": [Function],
        "deleteItem": [Function],
        "fetchEvents": [Function],
        "fetchItems": [Function],
        "fetchProfile": [Function],
        "fetchUser": [Function],
        "insertEvent": [Function],
        "insertItem": [Function],
        "insertUser": [Function],
        "toggleEventSelector": [Function],
        "toggleItemSelector": [Function],
        "togglePictureEditor": [Function],
        "togglePopup": [Function],
        "updateEmail": [Function],
        "updateEvent": [Function],
        "updateItem": [Function],
        "updateNotifyTime": [Function],
        "user": undefined,
        "userProfile": Object {
          "email": "wang@qq.com",
          "notifyTime": "36000000",
        },
      },
      "ref": null,
      "rendered": null,
      "type": [Function],
    },
  ],
  Symbol(enzyme.__options__): Object {
    "adapter": ReactSixteenAdapter {
      "options": Object {
        "enableComponentDidUpdateOnSetState": true,
        "lifecycles": Object {
          "componentDidUpdate": Object {
            "onSetState": true,
          },
          "getDerivedStateFromProps": true,
          "getSnapshotBeforeUpdate": true,
          "setState": Object {
            "skipsComponentDidUpdateOnNullish": true,
          },
        },
      },
    },
    "context": Object {
      "store": Object {
        "clearActions": [Function],
        "dispatch": [Function],
        "getActions": [Function],
        "getState": [Function],
        "replaceReducer": [Function],
        "subscribe": [Function],
      },
    },
  },
}
`;
